// Jest Snapshot v1, https://goo.gl/fbAQLP

exports[`Artist List component matches the ArtistLists component 1`] = `
<ol>
  <li
    key="a3cb23fc-acd3-4ce0-8f36-1e5aa6a18432"
  >
    <Artist
      disambigutation="Irish Rock Band"
      id="a3cb23fc-acd3-4ce0-8f36-1e5aa6a18432"
      name="U2"
    />
  </li>
  <li
    key="704acdbb-1415-4782-b0b6-0596b8c55e46"
  >
    <Artist
      disambigutation="Akiyama, Uni"
      id="704acdbb-1415-4782-b0b6-0596b8c55e46"
      name="U2"
    />
  </li>
</ol>
`;
